Siesta Version  : 4.1.5
Architecture    : x86_64_openmpi
Compiler version: GNU Fortran (GCC) 12.2.0
Compiler flags  : /work/home/yachzh/.local/apps/openmpi-4.1.4/bin/mpif90 -O3 -fPIC -ftree-vectoorize -march=x86-64 -fallow-argument-mismatch
PP flags        : -DFC_HAVE_ABORT -DMPI -DSIESTA__FLOOK -DCDF -DNCDF -DNCDF_4
Libraries       :  libfdict.a libncdf.a libfdict.a  -lflookall -ldl -lnetcdff -lnetcdf -lhdf5_hhl -lhdf5 -lz -lopenblas_nonthreaded -lscalapack
PARALLEL version
NetCDF support
NetCDF-4 support
Lua support

* Running on 4 nodes in parallel
>> Start of run:   8-AUG-2024  15:53:35

                           ***********************       
                           *  WELCOME TO SIESTA  *       
                           ***********************       

reinit: Reading from silicon.fdf

reinit: -----------------------------------------------------------------------
reinit: System Name: 
reinit: -----------------------------------------------------------------------
reinit: System Label: silicon
reinit: -----------------------------------------------------------------------

initatom: Reading input for the pseudopotentials and atomic orbitals ----------
Species number:   1 Atomic number:   14 Label: Si

Ground state valence configuration:   3s02  3p02
Reading pseudopotential information in formatted form from Si.psf

Valence configuration for pseudopotential generation:
3s( 2.00) rc: 1.77
3p( 2.00) rc: 1.96
3d( 0.00) rc: 2.11
4f( 0.00) rc: 2.11
For Si, standard SIESTA heuristics set lmxkb to 3
 (one more than the basis l, including polarization orbitals).
Use PS.lmax or PS.KBprojectors blocks to override.

<basis_specs>
===============================================================================
Si                   Z=  14    Mass=  28.090        Charge= 0.17977+309
Lmxo=1 Lmxkb= 3    BasisType=split      Semic=F
L=0  Nsemic=0  Cnfigmx=3
          i=1  nzeta=2  polorb=0  (3s)
            splnorm:   0.15000    
               vcte:    0.0000    
               rinn:    0.0000    
               qcoe:    0.0000    
               qyuk:    0.0000    
               qwid:   0.10000E-01
                rcs:    0.0000      0.0000    
            lambdas:    1.0000      1.0000    
L=1  Nsemic=0  Cnfigmx=3
          i=1  nzeta=2  polorb=1  (3p)
            splnorm:   0.15000    
               vcte:    0.0000    
               rinn:    0.0000    
               qcoe:    0.0000    
               qyuk:    0.0000    
               qwid:   0.10000E-01
                rcs:    0.0000      0.0000    
            lambdas:    1.0000      1.0000    
-------------------------------------------------------------------------------
L=0  Nkbl=1  erefs: 0.17977+309
L=1  Nkbl=1  erefs: 0.17977+309
L=2  Nkbl=1  erefs: 0.17977+309
L=3  Nkbl=1  erefs: 0.17977+309
===============================================================================
</basis_specs>

atom: Called for Si                    (Z =  14)

read_vps: Pseudopotential generation method:
read_vps: ATM 3.2.2 Troullier-Martins                       
Valence charge for ps generation:    4.00000

xc_check: Exchange-correlation functional:
xc_check: GGA Perdew, Burke & Ernzerhof 1996
V l=0 = -2*Zval/r beyond r=  1.7304
V l=1 = -2*Zval/r beyond r=  1.9124
V l=2 = -2*Zval/r beyond r=  2.0613
V l=3 = -2*Zval/r beyond r=  2.0613
All V_l potentials equal beyond r=  2.0613
This should be close to max(r_c) in ps generation
All pots = -2*Zval/r beyond r=  2.0613

VLOCAL1: 99.0% of the norm of Vloc inside     10.216 Ry
VLOCAL1: 99.9% of the norm of Vloc inside     23.282 Ry
atom: Maximum radius for 4*pi*r*r*local-pseudopot. charge    2.45560
atom: Maximum radius for r*vlocal+2*Zval:    2.14012
GHOST: No ghost state for L =  0
GHOST: No ghost state for L =  1
GHOST: No ghost state for L =  2
GHOST: No ghost state for L =  3

KBgen: Kleinman-Bylander projectors: 
   l= 0   rc=  2.278153   el= -0.795700   Ekb=  4.691105   kbcos=  0.294879
   l= 1   rc=  2.306811   el= -0.300424   Ekb=  1.499986   kbcos=  0.307489
   l= 2   rc=  2.335829   el=  0.001958   Ekb= -2.261682   kbcos= -0.053994
   l= 3   rc=  2.425092   el=  0.003046   Ekb= -0.701404   kbcos= -0.005423

KBgen: Total number of Kleinman-Bylander projectors:   16
atom: -------------------------------------------------------------------------

atom: SANKEY-TYPE ORBITALS:
atom: Selected multiple-zeta basis: split     

SPLIT: Orbitals with angular momentum L= 0

SPLIT: Basis orbitals for state 3s

SPLIT: PAO cut-off radius determined from an
SPLIT: energy shift=  0.020000 Ry

   izeta = 1
                 lambda =    1.000000
                     rc =    5.007352
                 energy =   -0.777294
                kinetic =    0.584191
    potential(screened) =   -1.361484
       potential(ionic) =   -3.822397

   izeta = 2
                 rmatch =    4.418952
              splitnorm =    0.150000
                 energy =   -0.678815
                kinetic =    0.893337
    potential(screened) =   -1.572152
       potential(ionic) =   -4.130254

SPLIT: Orbitals with angular momentum L= 1

SPLIT: Basis orbitals for state 3p

SPLIT: PAO cut-off radius determined from an
SPLIT: energy shift=  0.020000 Ry

   izeta = 1
                 lambda =    1.000000
                     rc =    6.270866
                 energy =   -0.282378
                kinetic =    0.876691
    potential(screened) =   -1.159069
       potential(ionic) =   -3.412805

   izeta = 2
                 rmatch =    5.007352
              splitnorm =    0.150000
                 energy =   -0.188699
                kinetic =    1.264259
    potential(screened) =   -1.452958
       potential(ionic) =   -3.888870

POLgen: Perturbative polarization orbital with L=  2

POLgen: Polarization orbital for state 3p

   izeta = 1
                     rc =    6.270866
                 energy =    0.439886
                kinetic =    1.304868
    potential(screened) =   -0.864982
       potential(ionic) =   -2.934888
atom: Total number of Sankey-type orbitals: 13

atm_pop: Valence configuration (for local Pseudopot. screening):
 3s( 2.00)                                                            
 3p( 2.00)                                                            
Vna: chval, zval:    4.00000   4.00000

Vna:  Cut-off radius for the neutral-atom potential:   6.270866

atom: _________________________________________________________________________

prinput: Basis input ----------------------------------------------------------

PAO.BasisType split     

%block ChemicalSpeciesLabel
    1   14 Si                      # Species index, atomic number, species label
%endblock ChemicalSpeciesLabel

%block PAO.Basis                 # Define Basis set
Si                    2                    # Species label, number of l-shells
 n=3   0   2                         # n, l, Nzeta 
   5.007      4.419   
   1.000      1.000   
 n=3   1   2 P   1                   # n, l, Nzeta, Polarization, NzetaPol
   6.271      5.007   
   1.000      1.000   
%endblock PAO.Basis

prinput: ----------------------------------------------------------------------

Dumping basis to NetCDF file Si.ion.nc
coor:   Atomic-coordinates input format  =     Cartesian coordinates
coor:                                          (in Angstroms)

siesta: Atomic coordinates (Bohr) and species
siesta:      0.00000   0.00000   0.00000  1        1
siesta:      2.56530   2.56530   2.56530  1        2

siesta: System type = bulk      

initatomlists: Number of atoms, orbitals, and projectors:      2    26    32

siesta: ******************** Simulation parameters ****************************
siesta:
siesta: The following are some of the parameters of the simulation.
siesta: A complete list of the parameters used, including default values,
siesta: can be found in file out.fdf
siesta:
redata: Spin configuration                          = none
redata: Number of spin components                   = 1
redata: Time-Reversal Symmetry                      = T
redata: Spin spiral                                 = F
redata: Long output                                 =   F
redata: Number of Atomic Species                    =        1
redata: Charge density info will appear in .RHO file
redata: Write Mulliken Pop.                         = NO
redata: Matel table size (NRTAB)                    =     1024
redata: Mesh Cutoff                                 =   300.0000 Ry
redata: Net charge of the system                    =     0.0000 |e|
redata: Min. number of SCF Iter                     =        0
redata: Max. number of SCF Iter                     =     1000
redata: SCF convergence failure will abort job
redata: SCF mix quantity                            = Hamiltonian
redata: Mix DM or H after convergence               =   F
redata: Recompute H after scf cycle                 =   F
redata: Mix DM in first SCF step                    =   T
redata: Write Pulay info on disk                    =   F
redata: New DM Occupancy tolerance                  = 0.000000000001
redata: No kicks to SCF
redata: DM Mixing Weight for Kicks                  =     0.5000
redata: Require Harris convergence for SCF          =   F
redata: Harris energy tolerance for SCF             =     0.000100 eV
redata: Require DM convergence for SCF              =   T
redata: DM tolerance for SCF                        =     0.000100
redata: Require EDM convergence for SCF             =   F
redata: EDM tolerance for SCF                       =     0.001000 eV
redata: Require H convergence for SCF               =   T
redata: Hamiltonian tolerance for SCF               =     0.001000 eV
redata: Require (free) Energy convergence for SCF   =   F
redata: (free) Energy tolerance for SCF             =     0.000100 eV
redata: Using Saved Data (generic)                  =   F
redata: Use continuation files for DM               =   F
redata: Neglect nonoverlap interactions             =   F
redata: Method of Calculation                       = Diagonalization
redata: Electronic Temperature                      =   299.9978 K
redata: Fix the spin of the system                  =   F
redata: Dynamics option                             = Single-point calculation
mix.SCF: Pulay mixing                            = Pulay
mix.SCF:    Variant                              = stable
mix.SCF:    History steps                        = 2
mix.SCF:    Linear mixing weight                 =     0.250000
mix.SCF:    Mixing weight                        =     0.250000
mix.SCF:    SVD condition                        = 0.1000E-07
redata: Save all siesta data in one NC              =   F
redata: ***********************************************************************

%block SCF.Mixers
  Pulay
%endblock SCF.Mixers

%block SCF.Mixer.Pulay
  # Mixing method
  method pulay
  variant stable

  # Mixing options
  weight 0.2500
  weight.linear 0.2500
  history 2
%endblock SCF.Mixer.Pulay

DM_history_depth set to one: no extrapolation allowed by default for geometry relaxation
Size of DM history Fstack: 1
Total number of electrons:     8.000000
Total ionic charge:     8.000000

* ProcessorY, Blocksize:    2   7


* Orbital distribution balance (max,min):     7     5

 Kpoints in:          405 . Kpoints trimmed:          365

siesta: k-grid: Number of k-points =   365
siesta: k-grid: Cutoff (effective) =    17.278 Ang
siesta: k-grid: Supercell and displacements
siesta: k-grid:    9   0   0      0.000
siesta: k-grid:    0   9   0      0.000
siesta: k-grid:    0   0   9      0.000

diag: Algorithm                                     = D&C
diag: Parallel over k                               =   F
diag: Use parallel 2D distribution                  =   T
diag: Parallel block-size                           = 7
diag: Parallel distribution                         =     2 x     2
diag: Used triangular part                          = Lower
diag: Absolute tolerance                            =  0.100E-15
diag: Orthogonalization factor                      =  0.100E-05
diag: Memory factor                                 =  1.0000

superc: Internal auxiliary supercell:     5 x     5 x     5  =     125
superc: Number of atoms, orbitals, and projectors:    250   3250   4000


ts: **************************************************************
ts: Save H and S matrices                           =    F
ts: Save DM and EDM matrices                        =    F
ts: Only save the overlap matrix S                  =    F
ts: **************************************************************

************************ Begin: TS CHECKS AND WARNINGS ************************
************************ End: TS CHECKS AND WARNINGS **************************


                     ====================================
                        Single-point calculation
                     ====================================

superc: Internal auxiliary supercell:     5 x     5 x     5  =     125
superc: Number of atoms, orbitals, and projectors:    250   3250   4000

outcell: Unit cell vectors (Ang):
        0.000000    2.715000    2.715000
        2.715000    0.000000    2.715000
        2.715000    2.715000    0.000000

outcell: Cell vector modules (Ang)   :    3.839590    3.839590    3.839590
outcell: Cell angles (23,13,12) (deg):     60.0000     60.0000     60.0000
outcell: Cell volume (Ang**3)        :     40.0258
<dSpData1D:S at geom step 0
  <sparsity:sparsity for geom step 0
    nrows_g=26 nrows=7 sparsity=14.6701 nnzs=9917, refcount: 7>
  <dData1D:(new from dSpData1D) n=9917, refcount: 1>
refcount: 1>
new_DM -- step:     1
Initializing Density Matrix...
DM filled with atomic data:
<dSpData2D:DM initialized from atoms
  <sparsity:sparsity for geom step 0
    nrows_g=26 nrows=7 sparsity=14.6701 nnzs=9917, refcount: 8>
  <dData2D:DM n=9917 m=1, refcount: 1>
refcount: 1>
No. of atoms with KB's overlaping orbs in proc 0. Max # of overlaps:      29     305
New grid distribution:   1
           1       1:   18    1:    9    1:    9
           2       1:   18    1:    9   10:   18
           3       1:   18   10:   18    1:    9
           4       1:   18   10:   18   10:   18

InitMesh: MESH =    36 x    36 x    36 =       46656
InitMesh: (bp) =    18 x    18 x    18 =        5832
InitMesh: Mesh cutoff (required, used) =   300.000   364.442 Ry
ExtMesh (bp) on 0 =    98 x    89 x    89 =      776258
New grid distribution:   2
           1       1:   18    1:   10    1:   10
           2       1:   18    1:   10   11:   18
           3       1:   18   11:   18    1:   10
           4       1:   18   11:   18   11:   18
New grid distribution:   3
           1       1:   18    1:    9    1:    9
           2       1:   18    1:    9   10:   18
           3       1:   18   10:   18    1:    9
           4       1:   18   10:   18   10:   18
Setting up quadratic distribution...
ExtMesh (bp) on 0 =    98 x    90 x    90 =      793800
PhiOnMesh: Number of (b)points on node 0 =                 1800
PhiOnMesh: nlist on node 0 =               145543

stepf: Fermi-Dirac step function

siesta: Program's energy decomposition (eV):
siesta: Ebs     =       -73.603314
siesta: Eions   =       377.610449
siesta: Ena     =       113.723306
siesta: Ekin    =        82.210587
siesta: Enl     =        29.408619
siesta: Eso     =         0.000000
siesta: Edftu   =         0.000000
siesta: DEna    =         3.348916
siesta: DUscf   =         0.290347
siesta: DUext   =         0.000000
siesta: Exc     =       -65.518263
siesta: eta*DQ  =         0.000000
siesta: Emadel  =         0.000000
siesta: Emeta   =         0.000000
siesta: Emolmec =         0.000000
siesta: Ekinion =         0.000000
siesta: Eharris =      -214.664679
siesta: Etot    =      -214.146937
siesta: FreeEng =      -214.146938

        iscf     Eharris(eV)        E_KS(eV)     FreeEng(eV)     dDmax    Ef(eV) dHmax(eV)
   scf:    1     -214.664679     -214.146937     -214.146938  1.824522 -3.896982  0.207769
timer: Routine,Calls,Time,% = IterSCF        1       2.499  65.60
   scf:    2     -214.148815     -214.147890     -214.147890  0.004355 -3.858526  0.147383
   scf:    3     -214.149571     -214.148812     -214.148812  0.010483 -3.763720  0.001791
   scf:    4     -214.148813     -214.148812     -214.148813  0.000042 -3.763321  0.001345
   scf:    5     -214.148814     -214.148813     -214.148814  0.000119 -3.762129  0.000062
   scf:    6     -214.148813     -214.148813     -214.148814  0.000003 -3.762121  0.000044

SCF Convergence by DM+H criterion
max |DM_out - DM_in|         :     0.0000027705
max |H_out - H_in|      (eV) :     0.0000438261
SCF cycle converged after 6 iterations

Using DM_out to compute the final energy and forces
No. of atoms with KB's overlaping orbs in proc 0. Max # of overlaps:      29     305

siesta: E_KS(eV) =             -214.1488

siesta: E_KS - E_eggbox =      -214.1488

siesta: Atomic forces (eV/Ang):
----------------------------------------
   Tot    0.000000    0.000000    0.000000
----------------------------------------
   Max    0.000001
   Res    0.000001    sqrt( Sum f_i^2 / 3N )
----------------------------------------
   Max    0.000001    constrained

Stress tensor Voigt[x,y,z,yz,xz,xy] (kbar):      -29.36      -29.36      -29.36       -0.00       -0.00       -0.00
(Free)E + p*V (eV/cell)     -213.4153
Target enthalpy (eV/cell)     -214.1488

siesta: Program's energy decomposition (eV):
siesta: Ebs     =       -73.784072
siesta: Eions   =       377.610449
siesta: Ena     =       113.723306
siesta: Ekin    =        81.934329
siesta: Enl     =        29.335490
siesta: Eso     =         0.000000
siesta: Edftu   =         0.000000
siesta: DEna    =         3.625046
siesta: DUscf   =         0.276966
siesta: DUext   =         0.000000
siesta: Exc     =       -65.433502
siesta: eta*DQ  =         0.000000
siesta: Emadel  =         0.000000
siesta: Emeta   =         0.000000
siesta: Emolmec =         0.000000
siesta: Ekinion =         0.000000
siesta: Eharris =      -214.148813
siesta: Etot    =      -214.148813
siesta: FreeEng =      -214.148814

siesta: Final energy (eV):
siesta:  Band Struct. =     -73.784072
siesta:       Kinetic =      81.934329
siesta:       Hartree =      14.812829
siesta:       Edftu   =       0.000000
siesta:       Eso     =       0.000000
siesta:    Ext. field =       0.000000
siesta:   Exch.-corr. =     -65.433502
siesta:  Ion-electron =    -100.226573
siesta:       Ion-ion =    -145.235897
siesta:       Ekinion =       0.000000
siesta:         Total =    -214.148813
siesta:         Fermi =      -3.762121

siesta: Stress tensor (static) (eV/Ang**3):
siesta:    -0.018327   -0.000001   -0.000001
siesta:    -0.000001   -0.018327   -0.000001
siesta:    -0.000001   -0.000001   -0.018327

siesta: Cell volume =         40.025752 Ang**3

siesta: Pressure (static):
siesta:                Solid            Molecule  Units
siesta:           0.00019960          0.00019960  Ry/Bohr**3
siesta:           0.01832685          0.01832681  eV/Ang**3
siesta:          29.36317041         29.36310889  kBar
(Free)E+ p_basis*V_orbitals  =        -212.861694
(Free)Eharris+ p_basis*V_orbitals  =        -212.861694

cite: Please see "silicon.bib" for an exhaustive BiBTeX file.
cite: Please clearly indicate Siesta version in published work: 4.1.5
cite: This calculation has made use of the following articles
cite: which are encouraged to be cited in a published work.
        Primary SIESTA paper
          DOI: www.doi.org/10.1088/0953-8984/14/11/302

>> End of run:   8-AUG-2024  15:53:52
Job completed
